{
  "lnpls/conditional-compilation1-25.sql" : [
    6
  ],
  "lnpls/cursor-variables-1.sql" : [
    13
  ],
  "lnpls/cursor-variables-2.sql" : [
    11
  ],
  "lnpls/cursors-overview-6.sql" : [
    19
  ],
  "lnpls/declarations-0.sql" : [
    8
  ],
  "lnpls/declarations-1.sql" : [
    9
  ],
  "lnpls/declarations-2.sql" : [
    9
  ],
  "lnpls/declarations-3.sql" : [
    7
  ],
  "lnpls/declarations-4.sql" : [
    10
  ],
  "lnpls/exception-propagation-3.sql" : [
    5
  ],
  "lnpls/exception-propagation-5.sql" : [
    7
  ],
  "lnpls/forward-declaration-0.sql" : [
    19
  ],
  "lnpls/minimizing-cpu-overhead-2.sql" : [
    16,
    21
  ],
  "lnpls/overloaded-subprograms-12.sql" : [
    8,
    9
  ],
  "lnpls/record-variables-21.sql" : [
    11
  ],
  "lnpls/scope-and-visibility-identifiers-0.sql" : [
    14,
    22
  ],
  "lnpls/sequential-control-statements-1.sql" : [
    7
  ],
  "lnpls/subprogram-invocation-resolution-0.sql" : [
    22,
    30,
    39,
    43
  ],
  "lnpls/subprogram-parameters-10.sql" : [
    6
  ],
  "lnpls/trigger-design-guidelines-1.sql" : [
    5
  ],
  "lnpls/user-defined-pl-sql-subtypes-2.sql" : [
    27
  ]
}