{
  "lnpls/overview-polymorphic-table-functions-16.sql" : [
    3
  ],
  "lnpls/overview-polymorphic-table-functions-17.sql" : [
    4
  ],
  "lnpls/overview-polymorphic-table-functions-30.sql" : [
    4
  ],
  "sqlrf/Using-Extensible-Indexing-1.sql" : [
    10,
    23,
    27,
    28,
    35,
    109,
    174,
    175
  ],
  "sqlrf/Using-Extensible-Indexing-2.sql" : [
    5
  ]
}