{
  "lnpls/assigning-values-variables-7.sql" : [
    7
  ],
  "lnpls/collection-comparisons-2.sql" : [
    19
  ],
  "lnpls/declarations-1.sql" : [
    7
  ],
  "lnpls/dml-triggers-36.sql" : [
    10
  ],
  "lnpls/expressions-19.sql" : [
    6
  ],
  "lnpls/expressions-21.sql" : [
    8
  ],
  "lnpls/expressions-28.sql" : [
    6,
    7,
    8
  ],
  "lnpls/overview-polymorphic-table-functions-30.sql" : [
    38
  ],
  "sqlrf/Comparison-Conditions-1.sql" : [
    4
  ],
  "sqlrf/Literals-11.sql" : [
    5
  ],
  "sqlrf/Literals-9.sql" : [
    5
  ],
  "sqlrf/SELECT-106.sql" : [
    5
  ],
  "sqlrf/Using-Extensible-Indexing-1.sql" : [
    130,
    130,
    131,
    131,
    150
  ],
  "sqlrf/Using-Extensible-Indexing-2.sql" : [
    39
  ]
}