{
  "adjsn/creating-view-json-data-using-json_table-0.sql" : [
    3
  ],
  "adjsn/json-data-type-7.sql" : [
    2
  ],
  "adjsn/querying-data-guide-0.sql" : [
    4
  ],
  "adjsn/querying-data-guide-1.sql" : [
    7
  ],
  "adjsn/sql-json-function-json_table-2.sql" : [
    2
  ],
  "adjsn/sql-json-function-json_table-3.sql" : [
    2
  ],
  "adjsn/sql-nested-clause-instead-json_table-4.sql" : [
    2
  ],
  "adjsn/type-clause-sql-functions-and-conditions-2.sql" : [
    2
  ],
  "adjsn/types-filter-condition-comparisons-0.sql" : [
    2
  ],
  "adjsn/using-geojson-geographic-data-3.sql" : [
    2
  ],
  "adjsn/using-json_table-json-arrays-0.sql" : [
    2
  ],
  "adjsn/using-json_table-json-arrays-1.sql" : [
    2
  ],
  "adjsn/using-json_table-json-arrays-2.sql" : [
    2
  ],
  "adjsn/using-json_table-json-arrays-4.sql" : [
    2
  ],
  "adjsn/using-json_value-function-based-index-json_table-queries-0.sql" : [
    2
  ],
  "lnpls/PIPELINED-clause-1.sql" : [
    2
  ],
  "lnpls/SQL_MACRO-clause-11.sql" : [
    6
  ],
  "lnpls/SQL_MACRO-clause-17.sql" : [
    2
  ],
  "lnpls/SQL_MACRO-clause-20.sql" : [
    2
  ],
  "lnpls/SQL_MACRO-clause-22.sql" : [
    6
  ],
  "lnpls/SQL_MACRO-clause-25.sql" : [
    2
  ],
  "lnpls/SQL_MACRO-clause-27.sql" : [
    2
  ],
  "lnpls/SQL_MACRO-clause-29.sql" : [
    2
  ],
  "lnpls/SQL_MACRO-clause-31.sql" : [
    2
  ],
  "lnpls/autonomous-transactions-6.sql" : [
    16
  ],
  "lnpls/autonomous-transactions-7.sql" : [
    4
  ],
  "lnpls/avoiding-inner-capture-select-and-dml-statements-0.sql" : [
    10
  ],
  "lnpls/avoiding-inner-capture-select-and-dml-statements-3.sql" : [
    2
  ],
  "lnpls/bulk-sql-and-bulk-binding-19.sql" : [
    2
  ],
  "lnpls/bulk-sql-and-bulk-binding-26.sql" : [
    2
  ],
  "lnpls/chaining-pipelined-table-functions-multiple-transformations-0.sql" : [
    2
  ],
  "lnpls/chaining-pipelined-table-functions-multiple-transformations-1.sql" : [
    2
  ],
  "lnpls/chaining-pipelined-table-functions-multiple-transformations-10.sql" : [
    2,
    2
  ],
  "lnpls/chaining-pipelined-table-functions-multiple-transformations-14.sql" : [
    2,
    4,
    5
  ],
  "lnpls/chaining-pipelined-table-functions-multiple-transformations-4.sql" : [
    2
  ],
  "lnpls/chaining-pipelined-table-functions-multiple-transformations-6.sql" : [
    2
  ],
  "lnpls/chaining-pipelined-table-functions-multiple-transformations-8.sql" : [
    36,
    38
  ],
  "lnpls/correlation-names-and-pseudorecords-15.sql" : [
    19
  ],
  "lnpls/correlation-names-and-pseudorecords-6.sql" : [
    2
  ],
  "lnpls/cursor-variables-12.sql" : [
    14
  ],
  "lnpls/cursor-variables-14.sql" : [
    10
  ],
  "lnpls/cursor-variables-15.sql" : [
    11,
    15,
    19
  ],
  "lnpls/cursor-variables-16.sql" : [
    11,
    13,
    15
  ],
  "lnpls/cursor-variables-17.sql" : [
    3,
    4,
    5
  ],
  "lnpls/cursors-overview-6.sql" : [
    10,
    16
  ],
  "lnpls/dml-triggers-45.sql" : [
    22
  ],
  "lnpls/dml-triggers-47.sql" : [
    8
  ],
  "lnpls/dml-triggers-52.sql" : [
    2
  ],
  "lnpls/dml-triggers-54.sql" : [
    2
  ],
  "lnpls/dml-triggers-56.sql" : [
    2
  ],
  "lnpls/inserting-records-tables-0.sql" : [
    48
  ],
  "lnpls/main-features-pl-sql-1.sql" : [
    4
  ],
  "lnpls/overview-polymorphic-table-functions-0.sql" : [
    2
  ],
  "lnpls/overview-polymorphic-table-functions-1.sql" : [
    3,
    4
  ],
  "lnpls/overview-polymorphic-table-functions-10.sql" : [
    2
  ],
  "lnpls/overview-polymorphic-table-functions-12.sql" : [
    2
  ],
  "lnpls/overview-polymorphic-table-functions-14.sql" : [
    2
  ],
  "lnpls/overview-polymorphic-table-functions-19.sql" : [
    2
  ],
  "lnpls/overview-polymorphic-table-functions-23.sql" : [
    6
  ],
  "lnpls/overview-polymorphic-table-functions-25.sql" : [
    10
  ],
  "lnpls/overview-polymorphic-table-functions-6.sql" : [
    2
  ],
  "lnpls/overview-polymorphic-table-functions-8.sql" : [
    2
  ],
  "lnpls/package-writing-guidelines-0.sql" : [
    8
  ],
  "lnpls/pl-sql-function-result-cache-16.sql" : [
    17
  ],
  "lnpls/plsql-program-limits-2.sql" : [
    2
  ],
  "lnpls/predefined-exceptions-3.sql" : [
    18,
    21
  ],
  "lnpls/processing-query-result-sets-4.sql" : [
    4
  ],
  "lnpls/sql-data-types-34.sql" : [
    5
  ],
  "lnpls/sql-data-types-36.sql" : [
    18
  ],
  "lnpls/sql-injection-10.sql" : [
    2
  ],
  "lnpls/sql-injection-14.sql" : [
    2
  ],
  "lnpls/sql-injection-16.sql" : [
    2
  ],
  "lnpls/subprogram-parameters-24.sql" : [
    14
  ],
  "lnpls/transaction-processing-and-control-1.sql" : [
    2
  ],
  "lnpls/transaction-processing-and-control-3.sql" : [
    2
  ],
  "lnpls/trigger-restrictions-12.sql" : [
    2
  ],
  "lnpls/trigger-restrictions-14.sql" : [
    2
  ],
  "lnpls/trigger-restrictions-7.sql" : [
    2
  ],
  "lnpls/trigger-restrictions-9.sql" : [
    2
  ],
  "lnpls/updating-rows-records-0.sql" : [
    22
  ],
  "lnpls/what-is-capture-1.sql" : [
    4
  ],
  "sqlrf/ALTER-SESSION-23.sql" : [
    4
  ],
  "sqlrf/ALTER-TABLE-119.sql" : [
    2
  ],
  "sqlrf/ALTER-TABLE-121.sql" : [
    2
  ],
  "sqlrf/ALTER-TABLE-14.sql" : [
    2
  ],
  "sqlrf/ALTER-TABLE-23.sql" : [
    2
  ],
  "sqlrf/ALTER-TABLE-44.sql" : [
    2
  ],
  "sqlrf/ALTER-TABLE-46.sql" : [
    2
  ],
  "sqlrf/APPROX_PERCENTILE_DETAIL-8.sql" : [
    6
  ],
  "sqlrf/Arithmetic-Operators-0.sql" : [
    2,
    7
  ],
  "sqlrf/BETWEEN-Condition-5.sql" : [
    2
  ],
  "sqlrf/COLUMN_VALUE-Pseudocolumn-0.sql" : [
    2
  ],
  "sqlrf/CONVERT-1.sql" : [
    2
  ],
  "sqlrf/CREATE-AUDIT-POLICY-Unified-Auditing-15.sql" : [
    2
  ],
  "sqlrf/CREATE-CLUSTER-12.sql" : [
    2
  ],
  "sqlrf/CREATE-CONTEXT-1.sql" : [
    3
  ],
  "sqlrf/CREATE-DATABASE-LINK-3.sql" : [
    2
  ],
  "sqlrf/CREATE-DATABASE-LINK-5.sql" : [
    2
  ],
  "sqlrf/CREATE-INDEX-18.sql" : [
    2
  ],
  "sqlrf/CREATE-MATERIALIZED-VIEW-0.sql" : [
    2
  ],
  "sqlrf/CREATE-MATERIALIZED-VIEW-1.sql" : [
    3
  ],
  "sqlrf/CREATE-TABLE-47.sql" : [
    2
  ],
  "sqlrf/Comments-16.sql" : [
    2
  ],
  "sqlrf/Comments-17.sql" : [
    2
  ],
  "sqlrf/Comments-22.sql" : [
    2
  ],
  "sqlrf/Comments-25.sql" : [
    2
  ],
  "sqlrf/Comments-30.sql" : [
    2
  ],
  "sqlrf/Comments-31.sql" : [
    3
  ],
  "sqlrf/Comments-35.sql" : [
    2
  ],
  "sqlrf/Comments-36.sql" : [
    2
  ],
  "sqlrf/Comments-37.sql" : [
    2
  ],
  "sqlrf/Comments-48.sql" : [
    4
  ],
  "sqlrf/Comments-52.sql" : [
    2
  ],
  "sqlrf/Comments-59.sql" : [
    2
  ],
  "sqlrf/Comments-60.sql" : [
    2
  ],
  "sqlrf/Comments-61.sql" : [
    2
  ],
  "sqlrf/Comments-63.sql" : [
    5
  ],
  "sqlrf/Comments-64.sql" : [
    2
  ],
  "sqlrf/Comments-9.sql" : [
    2
  ],
  "sqlrf/Comparison-Conditions-0.sql" : [
    2
  ],
  "sqlrf/Comparison-Conditions-1.sql" : [
    2
  ],
  "sqlrf/Comparison-Conditions-2.sql" : [
    2,
    5
  ],
  "sqlrf/Comparison-Conditions-3.sql" : [
    2,
    5
  ],
  "sqlrf/Comparison-Conditions-4.sql" : [
    2
  ],
  "sqlrf/Comparison-Conditions-5.sql" : [
    2
  ],
  "sqlrf/DELETE-10.sql" : [
    2
  ],
  "sqlrf/DELETE-13.sql" : [
    2
  ],
  "sqlrf/DELETE-3.sql" : [
    2
  ],
  "sqlrf/Data-Types-23.sql" : [
    2
  ],
  "sqlrf/Data-Types-24.sql" : [
    2
  ],
  "sqlrf/Data-Types-25.sql" : [
    2
  ],
  "sqlrf/Data-Types-26.sql" : [
    2
  ],
  "sqlrf/Data-Types-27.sql" : [
    2
  ],
  "sqlrf/Data-Types-28.sql" : [
    2
  ],
  "sqlrf/Data-Types-29.sql" : [
    2
  ],
  "sqlrf/Data-Types-3.sql" : [
    7
  ],
  "sqlrf/Data-Types-30.sql" : [
    2,
    3,
    4,
    5
  ],
  "sqlrf/Data-Types-31.sql" : [
    2
  ],
  "sqlrf/Expression-Lists-1.sql" : [
    2
  ],
  "sqlrf/FIRST_VALUE-0.sql" : [
    5
  ],
  "sqlrf/FIRST_VALUE-1.sql" : [
    5
  ],
  "sqlrf/FIRST_VALUE-2.sql" : [
    5,
    11
  ],
  "sqlrf/FIRST_VALUE-3.sql" : [
    5,
    11
  ],
  "sqlrf/FLASHBACK-TABLE-0.sql" : [
    2,
    3
  ],
  "sqlrf/IN-Condition-1.sql" : [
    2,
    6
  ],
  "sqlrf/IN-Condition-3.sql" : [
    2,
    8
  ],
  "sqlrf/INSERT-21.sql" : [
    2
  ],
  "sqlrf/INSERT-25.sql" : [
    2
  ],
  "sqlrf/INSERT-36.sql" : [
    9
  ],
  "sqlrf/INSERT-38.sql" : [
    9
  ],
  "sqlrf/INSERT-40.sql" : [
    24
  ],
  "sqlrf/INSERT-42.sql" : [
    29
  ],
  "sqlrf/IS-OF-type-Condition-0.sql" : [
    2,
    4
  ],
  "sqlrf/JSON_TABLE-0.sql" : [
    2
  ],
  "sqlrf/JSON_TABLE-1.sql" : [
    2
  ],
  "sqlrf/JSON_TABLE-11.sql" : [
    2
  ],
  "sqlrf/JSON_TABLE-12.sql" : [
    2
  ],
  "sqlrf/JSON_TABLE-13.sql" : [
    2
  ],
  "sqlrf/JSON_TABLE-14.sql" : [
    2
  ],
  "sqlrf/JSON_TABLE-15.sql" : [
    2
  ],
  "sqlrf/JSON_TABLE-16.sql" : [
    2
  ],
  "sqlrf/JSON_TABLE-2.sql" : [
    2
  ],
  "sqlrf/JSON_TABLE-8.sql" : [
    2
  ],
  "sqlrf/Joins-3.sql" : [
    2
  ],
  "sqlrf/LAST_VALUE-0.sql" : [
    6
  ],
  "sqlrf/LAST_VALUE-1.sql" : [
    6
  ],
  "sqlrf/LAST_VALUE-2.sql" : [
    6,
    13
  ],
  "sqlrf/LAST_VALUE-3.sql" : [
    6,
    13
  ],
  "sqlrf/Literals-15.sql" : [
    4,
    6,
    9
  ],
  "sqlrf/Literals-16.sql" : [
    2
  ],
  "sqlrf/Literals-17.sql" : [
    2
  ],
  "sqlrf/Logical-Conditions-1.sql" : [
    2,
    6
  ],
  "sqlrf/Logical-Conditions-3.sql" : [
    2
  ],
  "sqlrf/Logical-Conditions-5.sql" : [
    2
  ],
  "sqlrf/Logical-Conditions-6.sql" : [
    2
  ],
  "sqlrf/MERGE-0.sql" : [
    7,
    17
  ],
  "sqlrf/MERGE-11.sql" : [
    2
  ],
  "sqlrf/MERGE-13.sql" : [
    2
  ],
  "sqlrf/MERGE-3.sql" : [
    2
  ],
  "sqlrf/MERGE-5.sql" : [
    2
  ],
  "sqlrf/MERGE-7.sql" : [
    2
  ],
  "sqlrf/MERGE-9.sql" : [
    2
  ],
  "sqlrf/NANVL-0.sql" : [
    4
  ],
  "sqlrf/NLSSORT-1.sql" : [
    6,
    9
  ],
  "sqlrf/NLSSORT-2.sql" : [
    2,
    6
  ],
  "sqlrf/NLSSORT-3.sql" : [
    4
  ],
  "sqlrf/NOAUDIT-Unified-Auditing-1.sql" : [
    2
  ],
  "sqlrf/NOAUDIT-Unified-Auditing-6.sql" : [
    2
  ],
  "sqlrf/PURGE-0.sql" : [
    2,
    3
  ],
  "sqlrf/ROWNUM-Pseudocolumn-0.sql" : [
    2
  ],
  "sqlrf/ROWNUM-Pseudocolumn-1.sql" : [
    2
  ],
  "sqlrf/ROWNUM-Pseudocolumn-2.sql" : [
    2,
    3
  ],
  "sqlrf/ROWNUM-Pseudocolumn-3.sql" : [
    2
  ],
  "sqlrf/SELECT-102.sql" : [
    2
  ],
  "sqlrf/SELECT-103.sql" : [
    2
  ],
  "sqlrf/SELECT-12.sql" : [
    2
  ],
  "sqlrf/SELECT-22.sql" : [
    2
  ],
  "sqlrf/SELECT-24.sql" : [
    11
  ],
  "sqlrf/SELECT-39.sql" : [
    2
  ],
  "sqlrf/SELECT-4.sql" : [
    2
  ],
  "sqlrf/SELECT-43.sql" : [
    2
  ],
  "sqlrf/SELECT-61.sql" : [
    2
  ],
  "sqlrf/SELECT-76.sql" : [
    2,
    6
  ],
  "sqlrf/SELECT-93.sql" : [
    2
  ],
  "sqlrf/TO_BINARY_DOUBLE-0.sql" : [
    6
  ],
  "sqlrf/Using-XML-in-SQL-Statements-7.sql" : [
    2,
    5
  ],
  "sqlrf/create-domain-22.sql" : [
    2
  ],
  "sqlrf/create-domain-25.sql" : [
    2
  ],
  "sqlrf/create-domain-30.sql" : [
    2
  ]
}