{
'project:alexandria-plsql-utils/demos/02_create_temp_directory.sql':[
4,
],
'project:alexandria-plsql-utils/demos/string_util_pkg_demo.sql':[
39,
],
'project:alexandria-plsql-utils/extras/as_pdf3.pkb':[
22,
],
'project:alexandria-plsql-utils/extras/as_pdf3.pks':[
285,
],
'project:alexandria-plsql-utils/ora/ooxml_util_pkg.pkb':[
83,
],
'project:alexandria-plsql-utils/ora/pdf_builder_pkg.pkb':[
15,
],
'project:alexandria-plsql-utils/ora/t_soap_envelope.pkb':[
1,
],
'project:alexandria-plsql-utils/ora/t_soap_envelope.pks':[
1,
],
'project:alexandria-plsql-utils/setup/grants.sql':[
5,
],
'project:alexandria-plsql-utils/setup/types.sql':[
5,
],
'project:pljson/examples/ex13.sql':[
25,
],
'project:pljson/install.sql':[
8,
],
'project:pljson/src/addons/pljson_table_impl.typ':[
2,
],
'project:pljson/src/addons/pljson_table_impl_body.typ':[
2,
],
'project:pljson/src/json.typ':[
1,
],
'project:pljson/src/json_body.typ':[
22,
],
'project:pljson/src/json_list.typ':[
1,
],
'project:pljson/src/json_list_body.typ':[
23,
],
'project:pljson/src/json_value.typ':[
2,
],
'project:pljson/src/json_value_body.typ':[
3,
],
'project:utPLSQL/examples/filepath1.pkg':[
1,
],
'project:utPLSQL/examples/mybooks_setup.sql':[
15,
],
'project:utPLSQL/examples/str2list.pkg':[
62,
],
'project:utPLSQL/source/ut_argument.tab':[
6,
],
'project:utPLSQL/source/ut_assert.pks':[
2,
],
'project:utPLSQL/source/ut_assert2.pkb':[
687,
],
'project:utPLSQL/source/ut_assert2.pks':[
3,
],
'project:utPLSQL/source/ut_assertion.tab':[
30,
],
'project:utPLSQL/source/ut_config.pkb':[
93,
],
'project:utPLSQL/source/ut_config.pks':[
1,
],
'project:utPLSQL/source/ut_config.tab':[
8,
],
'project:utPLSQL/source/ut_deterministic.tab':[
11,
],
'project:utPLSQL/source/ut_deterministic_arg.tab':[
9,
],
'project:utPLSQL/source/ut_eq.tab':[
13,
],
'project:utPLSQL/source/ut_filereporter.pks':[
1,
],
'project:utPLSQL/source/ut_gen.pkb':[
203,
],
'project:utPLSQL/source/ut_gen.pks':[
2,
],
'project:utPLSQL/source/ut_grid.tab':[
35,
],
'project:utPLSQL/source/ut_i_preprocess.sql':[
23,
],
'project:utPLSQL/source/ut_i_synonyms.sql':[
24,
],
'project:utPLSQL/source/ut_outcome.tab':[
14,
],
'project:utPLSQL/source/ut_output.pks':[
2,
],
'project:utPLSQL/source/ut_outputreporter.pks':[
1,
],
'project:utPLSQL/source/ut_package.pkb':[
134,
],
'project:utPLSQL/source/ut_package.tab':[
16,
],
'project:utPLSQL/source/ut_pipe.pks':[
1,
],
'project:utPLSQL/source/ut_plsql.pkb':[
129,
],
'project:utPLSQL/source/ut_plsql.pks':[
2,
],
'project:utPLSQL/source/ut_plsql2.pkb':[
157,
],
'project:utPLSQL/source/ut_plsql2.pks':[
2,
],
'project:utPLSQL/source/ut_plsql_util.pkb':[
973,
],
'project:utPLSQL/source/ut_plsql_util.pks':[
2,
],
'project:utPLSQL/source/ut_receq.pks':[
1,
],
'project:utPLSQL/source/ut_receq.tab':[
9,
],
'project:utPLSQL/source/ut_report.pks':[
1,
],
'project:utPLSQL/source/ut_rerror.pkb':[
91,
],
'project:utPLSQL/source/ut_rerror.pks':[
2,
],
'project:utPLSQL/source/ut_routcome.pkb':[
40,
],
'project:utPLSQL/source/ut_rsuite.pkb':[
41,
],
'project:utPLSQL/source/ut_rtestcase.pkb':[
41,
],
'project:utPLSQL/source/ut_runittest.pkb':[
41,
],
'project:utPLSQL/source/ut_rutp.pkb':[
41,
],
'project:utPLSQL/source/ut_suite.pkb':[
99,
],
'project:utPLSQL/source/ut_suite.tab':[
14,
],
'project:utPLSQL/source/ut_suite_utp.tab':[
7,
],
'project:utPLSQL/source/ut_suiteutp.pkb':[
108,
],
'project:utPLSQL/source/ut_test.pkb':[
80,
],
'project:utPLSQL/source/ut_test.tab':[
11,
],
'project:utPLSQL/source/ut_testcase.pkb':[
80,
],
'project:utPLSQL/source/ut_testcase.tab':[
21,
],
'project:utPLSQL/source/ut_testprep.tab':[
10,
],
'project:utPLSQL/source/ut_unittest.pkb':[
124,
],
'project:utPLSQL/source/ut_unittest.tab':[
14,
],
'project:utPLSQL/source/ut_utp.pkb':[
240,
],
'project:utPLSQL/source/ut_utp.tab':[
15,
],
'project:utPLSQL/source/utr_error.tab':[
14,
],
'project:utPLSQL/source/utr_outcome.tab':[
13,
],
'project:utPLSQL/source/utr_suite.tab':[
12,
],
'project:utPLSQL/source/utr_testcase.tab':[
10,
],
'project:utPLSQL/source/utr_unittest.tab':[
10,
],
'project:utPLSQL/source/utr_utp.tab':[
12,
],
}
